Archive member included because of file (symbol)

e:/course/embeded/software/sdk_win_64/sdk_win_64/winavr/bin/../lib/gcc/avr/4.3.3/avr5\libgcc.a(_exit.o)
                              e:/course/embeded/software/sdk_win_64/sdk_win_64/winavr/bin/../lib/gcc/avr/4.3.3/../../../../avr/lib/avr5/crtm32.o (exit)
e:/course/embeded/software/sdk_win_64/sdk_win_64/winavr/bin/../lib/gcc/avr/4.3.3/avr5\libgcc.a(_copy_data.o)
                              ./main.o (__do_copy_data)
e:/course/embeded/software/sdk_win_64/sdk_win_64/winavr/bin/../lib/gcc/avr/4.3.3/avr5\libgcc.a(_clear_bss.o)
                              ./EXTI_prog.o (__do_clear_bss)

Memory Configuration

Name             Origin             Length             Attributes
text             0x00000000         0x00020000         xr
data             0x00800060         0x0000ffa0         rw !x
eeprom           0x00810000         0x00010000         rw !x
fuse             0x00820000         0x00000400         rw !x
lock             0x00830000         0x00000400         rw !x
signature        0x00840000         0x00000400         rw !x
*default*        0x00000000         0xffffffff

Linker script and memory map

LOAD e:/course/embeded/software/sdk_win_64/sdk_win_64/winavr/bin/../lib/gcc/avr/4.3.3/../../../../avr/lib/avr5/crtm32.o
LOAD ./DIO_prog.o
LOAD ./EXTI_prog.o
LOAD ./GIE_prog.o
LOAD ./LED_prog.o
LOAD ./PORT_prog.o
LOAD ./SWITCH_prog.o
LOAD ./TIMER_prog.o
LOAD ./main.o
LOAD e:/course/embeded/software/sdk_win_64/sdk_win_64/winavr/bin/../lib/gcc/avr/4.3.3/avr5\libgcc.a
LOAD e:/course/embeded/software/sdk_win_64/sdk_win_64/winavr/bin/../lib/gcc/avr/4.3.3/../../../../avr/lib/avr5\libc.a
LOAD e:/course/embeded/software/sdk_win_64/sdk_win_64/winavr/bin/../lib/gcc/avr/4.3.3/avr5\libgcc.a

.hash
 *(.hash)

.dynsym
 *(.dynsym)

.dynstr
 *(.dynstr)

.gnu.version
 *(.gnu.version)

.gnu.version_d
 *(.gnu.version_d)

.gnu.version_r
 *(.gnu.version_r)

.rel.init
 *(.rel.init)

.rela.init
 *(.rela.init)

.rel.text
 *(.rel.text)
 *(.rel.text.*)
 *(.rel.gnu.linkonce.t*)

.rela.text
 *(.rela.text)
 *(.rela.text.*)
 *(.rela.gnu.linkonce.t*)

.rel.fini
 *(.rel.fini)

.rela.fini
 *(.rela.fini)

.rel.rodata
 *(.rel.rodata)
 *(.rel.rodata.*)
 *(.rel.gnu.linkonce.r*)

.rela.rodata
 *(.rela.rodata)
 *(.rela.rodata.*)
 *(.rela.gnu.linkonce.r*)

.rel.data
 *(.rel.data)
 *(.rel.data.*)
 *(.rel.gnu.linkonce.d*)

.rela.data
 *(.rela.data)
 *(.rela.data.*)
 *(.rela.gnu.linkonce.d*)

.rel.ctors
 *(.rel.ctors)

.rela.ctors
 *(.rela.ctors)

.rel.dtors
 *(.rel.dtors)

.rela.dtors
 *(.rela.dtors)

.rel.got
 *(.rel.got)

.rela.got
 *(.rela.got)

.rel.bss
 *(.rel.bss)

.rela.bss
 *(.rela.bss)

.rel.plt
 *(.rel.plt)

.rela.plt
 *(.rela.plt)

.text           0x00000000     0x2732
 *(.vectors)
 .vectors       0x00000000       0x54 e:/course/embeded/software/sdk_win_64/sdk_win_64/winavr/bin/../lib/gcc/avr/4.3.3/../../../../avr/lib/avr5/crtm32.o
                0x00000000                __vectors
                0x00000000                __vector_default
 *(.vectors)
 *(.progmem.gcc*)
 *(.progmem*)
                0x00000054                . = ALIGN (0x2)
                0x00000054                __trampolines_start = .
 *(.trampolines)
 .trampolines   0x00000054        0x0 linker stubs
 *(.trampolines*)
                0x00000054                __trampolines_end = .
 *(.jumptables)
 *(.jumptables*)
 *(.lowtext)
 *(.lowtext*)
                0x00000054                __ctors_start = .
 *(.ctors)
                0x00000054                __ctors_end = .
                0x00000054                __dtors_start = .
 *(.dtors)
                0x00000054                __dtors_end = .
 SORT(*)(.ctors)
 SORT(*)(.dtors)
 *(.init0)
 .init0         0x00000054        0x0 e:/course/embeded/software/sdk_win_64/sdk_win_64/winavr/bin/../lib/gcc/avr/4.3.3/../../../../avr/lib/avr5/crtm32.o
                0x00000054                __init
 *(.init0)
 *(.init1)
 *(.init1)
 *(.init2)
 .init2         0x00000054        0xc e:/course/embeded/software/sdk_win_64/sdk_win_64/winavr/bin/../lib/gcc/avr/4.3.3/../../../../avr/lib/avr5/crtm32.o
 *(.init2)
 *(.init3)
 *(.init3)
 *(.init4)
 .init4         0x00000060       0x16 e:/course/embeded/software/sdk_win_64/sdk_win_64/winavr/bin/../lib/gcc/avr/4.3.3/avr5\libgcc.a(_copy_data.o)
                0x00000060                __do_copy_data
 .init4         0x00000076       0x10 e:/course/embeded/software/sdk_win_64/sdk_win_64/winavr/bin/../lib/gcc/avr/4.3.3/avr5\libgcc.a(_clear_bss.o)
                0x00000076                __do_clear_bss
 *(.init4)
 *(.init5)
 *(.init5)
 *(.init6)
 *(.init6)
 *(.init7)
 *(.init7)
 *(.init8)
 *(.init8)
 *(.init9)
 .init9         0x00000086        0x8 e:/course/embeded/software/sdk_win_64/sdk_win_64/winavr/bin/../lib/gcc/avr/4.3.3/../../../../avr/lib/avr5/crtm32.o
 *(.init9)
 *(.text)
 .text          0x0000008e        0x4 e:/course/embeded/software/sdk_win_64/sdk_win_64/winavr/bin/../lib/gcc/avr/4.3.3/../../../../avr/lib/avr5/crtm32.o
                0x0000008e                __vector_12
                0x0000008e                __bad_interrupt
                0x0000008e                __vector_13
                0x0000008e                __vector_17
                0x0000008e                __vector_19
                0x0000008e                __vector_5
                0x0000008e                __vector_4
                0x0000008e                __vector_15
                0x0000008e                __vector_14
                0x0000008e                __vector_16
                0x0000008e                __vector_18
                0x0000008e                __vector_20
 .text          0x00000092        0x0 ./DIO_prog.o
 .text          0x00000092        0x0 ./EXTI_prog.o
 .text          0x00000092        0x0 ./GIE_prog.o
 .text          0x00000092        0x0 ./LED_prog.o
 .text          0x00000092        0x0 ./PORT_prog.o
 .text          0x00000092        0x0 ./SWITCH_prog.o
 .text          0x00000092        0x0 ./TIMER_prog.o
 .text          0x00000092        0x0 ./main.o
 .text          0x00000092        0x0 e:/course/embeded/software/sdk_win_64/sdk_win_64/winavr/bin/../lib/gcc/avr/4.3.3/avr5\libgcc.a(_exit.o)
 .text          0x00000092        0x0 e:/course/embeded/software/sdk_win_64/sdk_win_64/winavr/bin/../lib/gcc/avr/4.3.3/avr5\libgcc.a(_copy_data.o)
 .text          0x00000092        0x0 e:/course/embeded/software/sdk_win_64/sdk_win_64/winavr/bin/../lib/gcc/avr/4.3.3/avr5\libgcc.a(_clear_bss.o)
                0x00000092                . = ALIGN (0x2)
 *(.text.*)
 .text.DIO_u8SetPinDirection
                0x00000092      0x212 ./DIO_prog.o
                0x00000092                DIO_u8SetPinDirection
 .text.DIO_u8SetPinValue
                0x000002a4      0x212 ./DIO_prog.o
                0x000002a4                DIO_u8SetPinValue
 .text.DIO_u8ReadPinValue
                0x000004b6      0x136 ./DIO_prog.o
                0x000004b6                DIO_u8ReadPinValue
 .text.DIO_u8SetPortDirection
                0x000005ec       0x90 ./DIO_prog.o
                0x000005ec                DIO_u8SetPortDirection
 .text.DIO_u8SetPortValue
                0x0000067c       0x90 ./DIO_prog.o
                0x0000067c                DIO_u8SetPortValue
 .text.DIO_u8TogglePinValue
                0x0000070c      0x10e ./DIO_prog.o
                0x0000070c                DIO_u8TogglePinValue
 .text.EXTI_voidInit
                0x0000081a       0x7e ./EXTI_prog.o
                0x0000081a                EXTI_voidInit
 .text.EXTI_u8SetSenseCtrl
                0x00000898      0x200 ./EXTI_prog.o
                0x00000898                EXTI_u8SetSenseCtrl
 .text.EXTI_u8EnableIntChannel
                0x00000a98       0x7a ./EXTI_prog.o
                0x00000a98                EXTI_u8EnableIntChannel
 .text.EXTI_u8DisableIntChannel
                0x00000b12       0x7a ./EXTI_prog.o
                0x00000b12                EXTI_u8DisableIntChannel
 .text.EXTI_u8SetCallBack
                0x00000b8c       0x62 ./EXTI_prog.o
                0x00000b8c                EXTI_u8SetCallBack
 .text.__vector_1
                0x00000bee       0x66 ./EXTI_prog.o
                0x00000bee                __vector_1
 .text.__vector_2
                0x00000c54       0x66 ./EXTI_prog.o
                0x00000c54                __vector_2
 .text.__vector_3
                0x00000cba       0x66 ./EXTI_prog.o
                0x00000cba                __vector_3
 .text.GIE_voidEnableGlobal
                0x00000d20       0x10 ./GIE_prog.o
                0x00000d20                GIE_voidEnableGlobal
 .text.GIE_voidDisableGlobal
                0x00000d30       0x10 ./GIE_prog.o
                0x00000d30                GIE_voidDisableGlobal
 .text.LED_u8SetOn
                0x00000d40       0x72 ./LED_prog.o
                0x00000d40                LED_u8SetOn
 .text.LED_u8SetOff
                0x00000db2       0x72 ./LED_prog.o
                0x00000db2                LED_u8SetOff
 .text.LED_u8Toggle
                0x00000e24       0x40 ./LED_prog.o
                0x00000e24                LED_u8Toggle
 .text.PORT_voidInit
                0x00000e64       0x48 ./PORT_prog.o
                0x00000e64                PORT_voidInit
 .text.SWITCH_u8GetState
                0x00000eac       0x9e ./SWITCH_prog.o
                0x00000eac                SWITCH_u8GetState
 .text.TIMER0_u8Init
                0x00000f4a      0x2f2 ./TIMER_prog.o
                0x00000f4a                TIMER0_u8Init
 .text.TIMER_u8SetCallBackFunc
                0x0000123c       0x4a ./TIMER_prog.o
                0x0000123c                TIMER_u8SetCallBackFunc
 .text.TIMER0_voidSetPreloadValue
                0x00001286       0x1c ./TIMER_prog.o
                0x00001286                TIMER0_voidSetPreloadValue
 .text.TIMER0_voidSetCompareValue
                0x000012a2       0x1c ./TIMER_prog.o
                0x000012a2                TIMER0_voidSetCompareValue
 .text.TIMER0_voidSetPrescaler
                0x000012be       0x32 ./TIMER_prog.o
                0x000012be                TIMER0_voidSetPrescaler
 .text.TIMER0_u8SetCompareOutputMode
                0x000012f0      0x184 ./TIMER_prog.o
                0x000012f0                TIMER0_u8SetCompareOutputMode
 .text.TIMER1_u8Init
                0x00001474      0x810 ./TIMER_prog.o
                0x00001474                TIMER1_u8Init
 .text.TIMER1_voidSetTimerValue
                0x00001c84       0x24 ./TIMER_prog.o
                0x00001c84                TIMER1_voidSetTimerValue
 .text.TIMER1_voidReadTimerVal
                0x00001ca8       0x16 ./TIMER_prog.o
                0x00001ca8                TIMER1_voidReadTimerVal
 .text.TIMER1_voidSetCompareValue
                0x00001cbe       0x68 ./TIMER_prog.o
                0x00001cbe                TIMER1_voidSetCompareValue
 .text.TIMER1_voidSetTopValue
                0x00001d26       0x68 ./TIMER_prog.o
                0x00001d26                TIMER1_voidSetTopValue
 .text.TIMER1_voidSetPrescaler
                0x00001d8e       0x32 ./TIMER_prog.o
                0x00001d8e                TIMER1_voidSetPrescaler
 .text.TIMER1_u8Set_OC1A_OutPinState
                0x00001dc0      0x184 ./TIMER_prog.o
                0x00001dc0                TIMER1_u8Set_OC1A_OutPinState
 .text.TIMER1_u8Set_OC1B_OutPinState
                0x00001f44      0x184 ./TIMER_prog.o
                0x00001f44                TIMER1_u8Set_OC1B_OutPinState
 .text.TIMER1_u8Set_ICU_Edge_Trigger
                0x000020c8       0x6a ./TIMER_prog.o
                0x000020c8                TIMER1_u8Set_ICU_Edge_Trigger
 .text.__vector_11
                0x00002132       0x66 ./TIMER_prog.o
                0x00002132                __vector_11
 .text.__vector_10
                0x00002198       0x66 ./TIMER_prog.o
                0x00002198                __vector_10
 .text.__vector_9
                0x000021fe       0x66 ./TIMER_prog.o
                0x000021fe                __vector_9
 .text.__vector_8
                0x00002264       0x66 ./TIMER_prog.o
                0x00002264                __vector_8
 .text.__vector_7
                0x000022ca       0x66 ./TIMER_prog.o
                0x000022ca                __vector_7
 .text.__vector_6
                0x00002330       0x66 ./TIMER_prog.o
                0x00002330                __vector_6
 .text.main     0x00002396       0x4c ./main.o
                0x00002396                main
 .text.Timer0_Traffic
                0x000023e2      0x34c ./main.o
                0x000023e2                Timer0_Traffic
 .text.libgcc   0x0000272e        0x0 e:/course/embeded/software/sdk_win_64/sdk_win_64/winavr/bin/../lib/gcc/avr/4.3.3/avr5\libgcc.a(_exit.o)
 .text.libgcc   0x0000272e        0x0 e:/course/embeded/software/sdk_win_64/sdk_win_64/winavr/bin/../lib/gcc/avr/4.3.3/avr5\libgcc.a(_copy_data.o)
 .text.libgcc   0x0000272e        0x0 e:/course/embeded/software/sdk_win_64/sdk_win_64/winavr/bin/../lib/gcc/avr/4.3.3/avr5\libgcc.a(_clear_bss.o)
                0x0000272e                . = ALIGN (0x2)
 *(.fini9)
 .fini9         0x0000272e        0x0 e:/course/embeded/software/sdk_win_64/sdk_win_64/winavr/bin/../lib/gcc/avr/4.3.3/avr5\libgcc.a(_exit.o)
                0x0000272e                exit
                0x0000272e                _exit
 *(.fini9)
 *(.fini8)
 *(.fini8)
 *(.fini7)
 *(.fini7)
 *(.fini6)
 *(.fini6)
 *(.fini5)
 *(.fini5)
 *(.fini4)
 *(.fini4)
 *(.fini3)
 *(.fini3)
 *(.fini2)
 *(.fini2)
 *(.fini1)
 *(.fini1)
 *(.fini0)
 .fini0         0x0000272e        0x4 e:/course/embeded/software/sdk_win_64/sdk_win_64/winavr/bin/../lib/gcc/avr/4.3.3/avr5\libgcc.a(_exit.o)
 *(.fini0)
                0x00002732                _etext = .

.data           0x00800060       0x1a load address 0x00002732
                0x00800060                PROVIDE (__data_start, .)
 *(.data)
 .data          0x00800060        0x0 e:/course/embeded/software/sdk_win_64/sdk_win_64/winavr/bin/../lib/gcc/avr/4.3.3/../../../../avr/lib/avr5/crtm32.o
 .data          0x00800060        0x0 ./DIO_prog.o
 .data          0x00800060        0x0 ./EXTI_prog.o
 .data          0x00800060        0x0 ./GIE_prog.o
 .data          0x00800060        0x0 ./LED_prog.o
 .data          0x00800060        0x0 ./PORT_prog.o
 .data          0x00800060        0x0 ./SWITCH_prog.o
 .data          0x00800060        0x0 ./TIMER_prog.o
 .data          0x00800060        0x0 ./main.o
 .data          0x00800060        0x0 e:/course/embeded/software/sdk_win_64/sdk_win_64/winavr/bin/../lib/gcc/avr/4.3.3/avr5\libgcc.a(_exit.o)
 .data          0x00800060        0x0 e:/course/embeded/software/sdk_win_64/sdk_win_64/winavr/bin/../lib/gcc/avr/4.3.3/avr5\libgcc.a(_copy_data.o)
 .data          0x00800060        0x0 e:/course/embeded/software/sdk_win_64/sdk_win_64/winavr/bin/../lib/gcc/avr/4.3.3/avr5\libgcc.a(_clear_bss.o)
 *(.data*)
 .data.Local_u8RedLed
                0x00800060        0x3 ./main.o
 .data.Local_u8GreenLed
                0x00800063        0x3 ./main.o
 .data.Local_u8YellowLed
                0x00800066        0x3 ./main.o
 .data.Local_s8PedRedLed
                0x00800069        0x3 ./main.o
 .data.Local_s8PedGreenLed
                0x0080006c        0x3 ./main.o
 .data.Local_sPedYellowLed
                0x0080006f        0x3 ./main.o
 .data.Local_sBtn
                0x00800072        0x3 ./main.o
 .data.BtnState
                0x00800075        0x1 ./main.o
 .data.BtnFlag.1512
                0x00800076        0x1 ./main.o
 .data.Ccomp.1510
                0x00800077        0x2 ./main.o
 *(.rodata)
 *(.rodata*)
 *(.gnu.linkonce.d*)
                0x0080007a                . = ALIGN (0x2)
 *fill*         0x00800079        0x1 00
                0x0080007a                _edata = .
                0x0080007a                PROVIDE (__data_end, .)

.bss            0x0080007a       0x1d
                0x0080007a                PROVIDE (__bss_start, .)
 *(.bss)
 .bss           0x0080007a        0x0 e:/course/embeded/software/sdk_win_64/sdk_win_64/winavr/bin/../lib/gcc/avr/4.3.3/../../../../avr/lib/avr5/crtm32.o
 .bss           0x0080007a        0x0 ./DIO_prog.o
 .bss           0x0080007a        0x0 ./EXTI_prog.o
 .bss           0x0080007a        0x0 ./GIE_prog.o
 .bss           0x0080007a        0x0 ./LED_prog.o
 .bss           0x0080007a        0x0 ./PORT_prog.o
 .bss           0x0080007a        0x0 ./SWITCH_prog.o
 .bss           0x0080007a        0x0 ./TIMER_prog.o
 .bss           0x0080007a        0x0 ./main.o
 .bss           0x0080007a        0x0 e:/course/embeded/software/sdk_win_64/sdk_win_64/winavr/bin/../lib/gcc/avr/4.3.3/avr5\libgcc.a(_exit.o)
 .bss           0x0080007a        0x0 e:/course/embeded/software/sdk_win_64/sdk_win_64/winavr/bin/../lib/gcc/avr/4.3.3/avr5\libgcc.a(_copy_data.o)
 .bss           0x0080007a        0x0 e:/course/embeded/software/sdk_win_64/sdk_win_64/winavr/bin/../lib/gcc/avr/4.3.3/avr5\libgcc.a(_clear_bss.o)
 *(.bss*)
 .bss.EXTI_pvCallBackFunc
                0x0080007a        0x6 ./EXTI_prog.o
 .bss.GlobalCallBackFucn
                0x00800080       0x12 ./TIMER_prog.o
 .bss.CarLedFlag.1513
                0x00800092        0x1 ./main.o
 .bss.Ccomp2.1511
                0x00800093        0x4 ./main.o
 *(COMMON)
                0x00800097                PROVIDE (__bss_end, .)
                0x00002732                __data_load_start = LOADADDR (.data)
                0x0000274c                __data_load_end = (__data_load_start + SIZEOF (.data))

.noinit         0x00800097        0x0
                0x00800097                PROVIDE (__noinit_start, .)
 *(.noinit*)
                0x00800097                PROVIDE (__noinit_end, .)
                0x00800097                _end = .
                0x00800097                PROVIDE (__heap_start, .)

.eeprom         0x00810000        0x0
 *(.eeprom*)
                0x00810000                __eeprom_end = .

.fuse
 *(.fuse)
 *(.lfuse)
 *(.hfuse)
 *(.efuse)

.lock
 *(.lock*)

.signature
 *(.signature*)

.stab           0x00000000     0x2bd4
 *(.stab)
 .stab          0x00000000      0x75c ./DIO_prog.o
 .stab          0x0000075c      0x5d0 ./EXTI_prog.o
                                0x654 (size before relaxing)
 .stab          0x00000d2c      0x144 ./GIE_prog.o
                                0x1c8 (size before relaxing)
 .stab          0x00000e70      0x330 ./LED_prog.o
                                0x3b4 (size before relaxing)
 .stab          0x000011a0      0x168 ./PORT_prog.o
                                0x1ec (size before relaxing)
 .stab          0x00001308      0x228 ./SWITCH_prog.o
                                0x2ac (size before relaxing)
 .stab          0x00001530      0xf0c ./TIMER_prog.o
                                0xf90 (size before relaxing)
 .stab          0x0000243c      0x798 ./main.o
                                0xa14 (size before relaxing)

.stabstr        0x00000000     0x1e80
 *(.stabstr)
 .stabstr       0x00000000     0x1e80 ./DIO_prog.o

.stab.excl
 *(.stab.excl)

.stab.exclstr
 *(.stab.exclstr)

.stab.index
 *(.stab.index)

.stab.indexstr
 *(.stab.indexstr)

.comment
 *(.comment)

.debug
 *(.debug)

.line
 *(.line)

.debug_srcinfo
 *(.debug_srcinfo)

.debug_sfnames
 *(.debug_sfnames)

.debug_aranges
 *(.debug_aranges)

.debug_pubnames
 *(.debug_pubnames)

.debug_info
 *(.debug_info)
 *(.gnu.linkonce.wi.*)

.debug_abbrev
 *(.debug_abbrev)

.debug_line
 *(.debug_line)

.debug_frame
 *(.debug_frame)

.debug_str
 *(.debug_str)

.debug_loc
 *(.debug_loc)

.debug_macinfo
 *(.debug_macinfo)
OUTPUT(CAT_Assignment_Traffic_By_Timer.elf elf32-avr)
LOAD linker stubs
